Archive member included to satisfy reference by file (symbol)

c:/program files (x86)/atmel/studio/7.0/toolchain/avr8/avr8-gnu-toolchain/bin/../lib/gcc/avr/5.4.0/avr5\libgcc.a(_exit.o)
                              C:/Program Files (x86)/Atmel/Studio/7.0/Packs/atmel/ATmega_DFP/1.2.132/gcc/dev/atmega328p/avr5/crtatmega328p.o (exit)
c:/program files (x86)/atmel/studio/7.0/toolchain/avr8/avr8-gnu-toolchain/bin/../lib/gcc/avr/5.4.0/avr5\libgcc.a(_copy_data.o)
                              LCD.o (__do_copy_data)
c:/program files (x86)/atmel/studio/7.0/toolchain/avr8/avr8-gnu-toolchain/bin/../lib/gcc/avr/5.4.0/avr5\libgcc.a(_clear_bss.o)
                              buttonstate.o (__do_clear_bss)
c:/program files (x86)/atmel/studio/7.0/toolchain/avr8/avr8-gnu-toolchain/bin/../lib/gcc/avr/5.4.0/../../../../avr/lib/avr5\libc.a(sprintf.o)
                              sensors.o (sprintf)
c:/program files (x86)/atmel/studio/7.0/toolchain/avr8/avr8-gnu-toolchain/bin/../lib/gcc/avr/5.4.0/../../../../avr/lib/avr5\libc.a(vfprintf_std.o)
                              c:/program files (x86)/atmel/studio/7.0/toolchain/avr8/avr8-gnu-toolchain/bin/../lib/gcc/avr/5.4.0/../../../../avr/lib/avr5\libc.a(sprintf.o) (vfprintf)
c:/program files (x86)/atmel/studio/7.0/toolchain/avr8/avr8-gnu-toolchain/bin/../lib/gcc/avr/5.4.0/../../../../avr/lib/avr5\libc.a(strnlen_P.o)
                              c:/program files (x86)/atmel/studio/7.0/toolchain/avr8/avr8-gnu-toolchain/bin/../lib/gcc/avr/5.4.0/../../../../avr/lib/avr5\libc.a(vfprintf_std.o) (strnlen_P)
c:/program files (x86)/atmel/studio/7.0/toolchain/avr8/avr8-gnu-toolchain/bin/../lib/gcc/avr/5.4.0/../../../../avr/lib/avr5\libc.a(strnlen.o)
                              c:/program files (x86)/atmel/studio/7.0/toolchain/avr8/avr8-gnu-toolchain/bin/../lib/gcc/avr/5.4.0/../../../../avr/lib/avr5\libc.a(vfprintf_std.o) (strnlen)
c:/program files (x86)/atmel/studio/7.0/toolchain/avr8/avr8-gnu-toolchain/bin/../lib/gcc/avr/5.4.0/../../../../avr/lib/avr5\libc.a(fputc.o)
                              c:/program files (x86)/atmel/studio/7.0/toolchain/avr8/avr8-gnu-toolchain/bin/../lib/gcc/avr/5.4.0/../../../../avr/lib/avr5\libc.a(vfprintf_std.o) (fputc)
c:/program files (x86)/atmel/studio/7.0/toolchain/avr8/avr8-gnu-toolchain/bin/../lib/gcc/avr/5.4.0/../../../../avr/lib/avr5\libc.a(ultoa_invert.o)
                              c:/program files (x86)/atmel/studio/7.0/toolchain/avr8/avr8-gnu-toolchain/bin/../lib/gcc/avr/5.4.0/../../../../avr/lib/avr5\libc.a(vfprintf_std.o) (__ultoa_invert)
c:/program files (x86)/atmel/studio/7.0/toolchain/avr8/avr8-gnu-toolchain/bin/../lib/gcc/avr/5.4.0/avr5\libgcc.a(_prologue.o)
                              c:/program files (x86)/atmel/studio/7.0/toolchain/avr8/avr8-gnu-toolchain/bin/../lib/gcc/avr/5.4.0/../../../../avr/lib/avr5\libc.a(sprintf.o) (__prologue_saves__)
c:/program files (x86)/atmel/studio/7.0/toolchain/avr8/avr8-gnu-toolchain/bin/../lib/gcc/avr/5.4.0/avr5\libgcc.a(_epilogue.o)
                              c:/program files (x86)/atmel/studio/7.0/toolchain/avr8/avr8-gnu-toolchain/bin/../lib/gcc/avr/5.4.0/../../../../avr/lib/avr5\libc.a(sprintf.o) (__epilogue_restores__)

Allocating common symbols
Common symbol       size              file

buttonState         0x2               buttonstate.o
j                   0x1               buttonstate.o
stopcondition       0x1               MagSwipe.o
datavalid           0x1               buttonstate.o
floorNum            0x1               buttonstate.o
curr_state          0x1               finitestate.o
distance            0x2               Motordriver.o
nextFloor           0x1               buttonstate.o
adccount            0x1               Motordriver.o
number              0x1               MagSwipe.o
testvariable        0x1               Motordriver.o
i                   0x1               buttonstate.o
overload            0x2               Motordriver.o
selector            0x1               Motordriver.o
motorcounter        0x1               MagSwipe.o
runtime             0x1               MagSwipe.o
timercounter        0x1               MagSwipe.o
currentfloor        0x1               MagSwipe.o
datainvalid         0x1               buttonstate.o
counter             0x2               MagSwipe.o
pressed             0x1               MagSwipe.o
nextDir             0x1               buttonstate.o
dir                 0x1               MagSwipe.o
cardflag            0x1               buttonstate.o
motorflag           0x1               MagSwipe.o
upDown              0x1               buttonstate.o
motion              0x2               Motordriver.o
floorrequest        0x1               MagSwipe.o
magswipetimeout     0x1               MagSwipe.o
dataflag            0x1               buttonstate.o

Discarded input sections

 .data          0x00000000        0x0 C:/Program Files (x86)/Atmel/Studio/7.0/Packs/atmel/ATmega_DFP/1.2.132/gcc/dev/atmega328p/avr5/crtatmega328p.o
 .bss           0x00000000        0x0 C:/Program Files (x86)/Atmel/Studio/7.0/Packs/atmel/ATmega_DFP/1.2.132/gcc/dev/atmega328p/avr5/crtatmega328p.o
 .text          0x00000000        0x0 buttonstate.o
 .data          0x00000000        0x0 buttonstate.o
 .bss           0x00000000        0x0 buttonstate.o
 .text          0x00000000        0x0 finitestate.o
 .data          0x00000000        0x0 finitestate.o
 .bss           0x00000000        0x0 finitestate.o
 .text          0x00000000        0x0 LCD.o
 .data          0x00000000        0x0 LCD.o
 .bss           0x00000000        0x0 LCD.o
 .text          0x00000000        0x0 MagSwipe.o
 .data          0x00000000        0x0 MagSwipe.o
 .bss           0x00000000        0x0 MagSwipe.o
 .bss.dataavailable
                0x00000000        0x1 MagSwipe.o
 .bss.verified  0x00000000        0x1 MagSwipe.o
 .text          0x00000000        0x0 MAX7221.o
 .data          0x00000000        0x0 MAX7221.o
 .bss           0x00000000        0x0 MAX7221.o
 .text.MAX7221_Print2digit
                0x00000000       0x74 MAX7221.o
 .text.MAX7221_BCD_2_CODEB
                0x00000000        0xc MAX7221.o
 .text          0x00000000        0x0 Motordriver.o
 .data          0x00000000        0x0 Motordriver.o
 .bss           0x00000000        0x0 Motordriver.o
 .text.timer2_stop
                0x00000000       0x16 Motordriver.o
 .text.pinchangesetup
                0x00000000       0x24 Motordriver.o
 .text          0x00000000        0x0 sensors.o
 .data          0x00000000        0x0 sensors.o
 .bss           0x00000000        0x0 sensors.o
 .text.timer0_stop
                0x00000000        0x4 sensors.o
 .text          0x00000000        0x0 SPI.o
 .data          0x00000000        0x0 SPI.o
 .bss           0x00000000        0x0 SPI.o
 .text.SPI_Receive
                0x00000000        0xa SPI.o
 .text          0x00000000        0x0 TCA8418.o
 .data          0x00000000        0x0 TCA8418.o
 .bss           0x00000000        0x0 TCA8418.o
 .rodata.keypad
                0x00000000       0x20 TCA8418.o
 .text          0x00000000        0x0 TWI.o
 .data          0x00000000        0x0 TWI.o
 .bss           0x00000000        0x0 TWI.o
 .text          0x00000000        0x0 main.o
 .data          0x00000000        0x0 main.o
 .bss           0x00000000        0x0 main.o
 .text.keypadclear
                0x00000000       0x18 main.o
 .text          0x00000000        0x0 c:/program files (x86)/atmel/studio/7.0/toolchain/avr8/avr8-gnu-toolchain/bin/../lib/gcc/avr/5.4.0/avr5\libgcc.a(_exit.o)
 .data          0x00000000        0x0 c:/program files (x86)/atmel/studio/7.0/toolchain/avr8/avr8-gnu-toolchain/bin/../lib/gcc/avr/5.4.0/avr5\libgcc.a(_exit.o)
 .bss           0x00000000        0x0 c:/program files (x86)/atmel/studio/7.0/toolchain/avr8/avr8-gnu-toolchain/bin/../lib/gcc/avr/5.4.0/avr5\libgcc.a(_exit.o)
 .text.libgcc.mul
                0x00000000        0x0 c:/program files (x86)/atmel/studio/7.0/toolchain/avr8/avr8-gnu-toolchain/bin/../lib/gcc/avr/5.4.0/avr5\libgcc.a(_exit.o)
 .text.libgcc.div
                0x00000000        0x0 c:/program files (x86)/atmel/studio/7.0/toolchain/avr8/avr8-gnu-toolchain/bin/../lib/gcc/avr/5.4.0/avr5\libgcc.a(_exit.o)
 .text.libgcc   0x00000000        0x0 c:/program files (x86)/atmel/studio/7.0/toolchain/avr8/avr8-gnu-toolchain/bin/../lib/gcc/avr/5.4.0/avr5\libgcc.a(_exit.o)
 .text.libgcc.prologue
                0x00000000        0x0 c:/program files (x86)/atmel/studio/7.0/toolchain/avr8/avr8-gnu-toolchain/bin/../lib/gcc/avr/5.4.0/avr5\libgcc.a(_exit.o)
 .text.libgcc.builtins
                0x00000000        0x0 c:/program files (x86)/atmel/studio/7.0/toolchain/avr8/avr8-gnu-toolchain/bin/../lib/gcc/avr/5.4.0/avr5\libgcc.a(_exit.o)
 .text.libgcc.fmul
                0x00000000        0x0 c:/program files (x86)/atmel/studio/7.0/toolchain/avr8/avr8-gnu-toolchain/bin/../lib/gcc/avr/5.4.0/avr5\libgcc.a(_exit.o)
 .text.libgcc.fixed
                0x00000000        0x0 c:/program files (x86)/atmel/studio/7.0/toolchain/avr8/avr8-gnu-toolchain/bin/../lib/gcc/avr/5.4.0/avr5\libgcc.a(_exit.o)
 .text          0x00000000        0x0 c:/program files (x86)/atmel/studio/7.0/toolchain/avr8/avr8-gnu-toolchain/bin/../lib/gcc/avr/5.4.0/avr5\libgcc.a(_copy_data.o)
 .data          0x00000000        0x0 c:/program files (x86)/atmel/studio/7.0/toolchain/avr8/avr8-gnu-toolchain/bin/../lib/gcc/avr/5.4.0/avr5\libgcc.a(_copy_data.o)
 .bss           0x00000000        0x0 c:/program files (x86)/atmel/studio/7.0/toolchain/avr8/avr8-gnu-toolchain/bin/../lib/gcc/avr/5.4.0/avr5\libgcc.a(_copy_data.o)
 .text.libgcc.mul
                0x00000000        0x0 c:/program files (x86)/atmel/studio/7.0/toolchain/avr8/avr8-gnu-toolchain/bin/../lib/gcc/avr/5.4.0/avr5\libgcc.a(_copy_data.o)
 .text.libgcc.div
                0x00000000        0x0 c:/program files (x86)/atmel/studio/7.0/toolchain/avr8/avr8-gnu-toolchain/bin/../lib/gcc/avr/5.4.0/avr5\libgcc.a(_copy_data.o)
 .text.libgcc   0x00000000        0x0 c:/program files (x86)/atmel/studio/7.0/toolchain/avr8/avr8-gnu-toolchain/bin/../lib/gcc/avr/5.4.0/avr5\libgcc.a(_copy_data.o)
 .text.libgcc.prologue
                0x00000000        0x0 c:/program files (x86)/atmel/studio/7.0/toolchain/avr8/avr8-gnu-toolchain/bin/../lib/gcc/avr/5.4.0/avr5\libgcc.a(_copy_data.o)
 .text.libgcc.builtins
                0x00000000        0x0 c:/program files (x86)/atmel/studio/7.0/toolchain/avr8/avr8-gnu-toolchain/bin/../lib/gcc/avr/5.4.0/avr5\libgcc.a(_copy_data.o)
 .text.libgcc.fmul
                0x00000000        0x0 c:/program files (x86)/atmel/studio/7.0/toolchain/avr8/avr8-gnu-toolchain/bin/../lib/gcc/avr/5.4.0/avr5\libgcc.a(_copy_data.o)
 .text.libgcc.fixed
                0x00000000        0x0 c:/program files (x86)/atmel/studio/7.0/toolchain/avr8/avr8-gnu-toolchain/bin/../lib/gcc/avr/5.4.0/avr5\libgcc.a(_copy_data.o)
 .text          0x00000000        0x0 c:/program files (x86)/atmel/studio/7.0/toolchain/avr8/avr8-gnu-toolchain/bin/../lib/gcc/avr/5.4.0/avr5\libgcc.a(_clear_bss.o)
 .data          0x00000000        0x0 c:/program files (x86)/atmel/studio/7.0/toolchain/avr8/avr8-gnu-toolchain/bin/../lib/gcc/avr/5.4.0/avr5\libgcc.a(_clear_bss.o)
 .bss           0x00000000        0x0 c:/program files (x86)/atmel/studio/7.0/toolchain/avr8/avr8-gnu-toolchain/bin/../lib/gcc/avr/5.4.0/avr5\libgcc.a(_clear_bss.o)
 .text.libgcc.mul
                0x00000000        0x0 c:/program files (x86)/atmel/studio/7.0/toolchain/avr8/avr8-gnu-toolchain/bin/../lib/gcc/avr/5.4.0/avr5\libgcc.a(_clear_bss.o)
 .text.libgcc.div
                0x00000000        0x0 c:/program files (x86)/atmel/studio/7.0/toolchain/avr8/avr8-gnu-toolchain/bin/../lib/gcc/avr/5.4.0/avr5\libgcc.a(_clear_bss.o)
 .text.libgcc   0x00000000        0x0 c:/program files (x86)/atmel/studio/7.0/toolchain/avr8/avr8-gnu-toolchain/bin/../lib/gcc/avr/5.4.0/avr5\libgcc.a(_clear_bss.o)
 .text.libgcc.prologue
                0x00000000        0x0 c:/program files (x86)/atmel/studio/7.0/toolchain/avr8/avr8-gnu-toolchain/bin/../lib/gcc/avr/5.4.0/avr5\libgcc.a(_clear_bss.o)
 .text.libgcc.builtins
                0x00000000        0x0 c:/program files (x86)/atmel/studio/7.0/toolchain/avr8/avr8-gnu-toolchain/bin/../lib/gcc/avr/5.4.0/avr5\libgcc.a(_clear_bss.o)
 .text.libgcc.fmul
                0x00000000        0x0 c:/program files (x86)/atmel/studio/7.0/toolchain/avr8/avr8-gnu-toolchain/bin/../lib/gcc/avr/5.4.0/avr5\libgcc.a(_clear_bss.o)
 .text.libgcc.fixed
                0x00000000        0x0 c:/program files (x86)/atmel/studio/7.0/toolchain/avr8/avr8-gnu-toolchain/bin/../lib/gcc/avr/5.4.0/avr5\libgcc.a(_clear_bss.o)
 .text          0x00000000        0x0 c:/program files (x86)/atmel/studio/7.0/toolchain/avr8/avr8-gnu-toolchain/bin/../lib/gcc/avr/5.4.0/../../../../avr/lib/avr5\libc.a(sprintf.o)
 .data          0x00000000        0x0 c:/program files (x86)/atmel/studio/7.0/toolchain/avr8/avr8-gnu-toolchain/bin/../lib/gcc/avr/5.4.0/../../../../avr/lib/avr5\libc.a(sprintf.o)
 .bss           0x00000000        0x0 c:/program files (x86)/atmel/studio/7.0/toolchain/avr8/avr8-gnu-toolchain/bin/../lib/gcc/avr/5.4.0/../../../../avr/lib/avr5\libc.a(sprintf.o)
 .text          0x00000000        0x0 c:/program files (x86)/atmel/studio/7.0/toolchain/avr8/avr8-gnu-toolchain/bin/../lib/gcc/avr/5.4.0/../../../../avr/lib/avr5\libc.a(vfprintf_std.o)
 .data          0x00000000        0x0 c:/program files (x86)/atmel/studio/7.0/toolchain/avr8/avr8-gnu-toolchain/bin/../lib/gcc/avr/5.4.0/../../../../avr/lib/avr5\libc.a(vfprintf_std.o)
 .bss           0x00000000        0x0 c:/program files (x86)/atmel/studio/7.0/toolchain/avr8/avr8-gnu-toolchain/bin/../lib/gcc/avr/5.4.0/../../../../avr/lib/avr5\libc.a(vfprintf_std.o)
 .text          0x00000000        0x0 c:/program files (x86)/atmel/studio/7.0/toolchain/avr8/avr8-gnu-toolchain/bin/../lib/gcc/avr/5.4.0/../../../../avr/lib/avr5\libc.a(strnlen_P.o)
 .data          0x00000000        0x0 c:/program files (x86)/atmel/studio/7.0/toolchain/avr8/avr8-gnu-toolchain/bin/../lib/gcc/avr/5.4.0/../../../../avr/lib/avr5\libc.a(strnlen_P.o)
 .bss           0x00000000        0x0 c:/program files (x86)/atmel/studio/7.0/toolchain/avr8/avr8-gnu-toolchain/bin/../lib/gcc/avr/5.4.0/../../../../avr/lib/avr5\libc.a(strnlen_P.o)
 .text          0x00000000        0x0 c:/program files (x86)/atmel/studio/7.0/toolchain/avr8/avr8-gnu-toolchain/bin/../lib/gcc/avr/5.4.0/../../../../avr/lib/avr5\libc.a(strnlen.o)
 .data          0x00000000        0x0 c:/program files (x86)/atmel/studio/7.0/toolchain/avr8/avr8-gnu-toolchain/bin/../lib/gcc/avr/5.4.0/../../../../avr/lib/avr5\libc.a(strnlen.o)
 .bss           0x00000000        0x0 c:/program files (x86)/atmel/studio/7.0/toolchain/avr8/avr8-gnu-toolchain/bin/../lib/gcc/avr/5.4.0/../../../../avr/lib/avr5\libc.a(strnlen.o)
 .text          0x00000000        0x0 c:/program files (x86)/atmel/studio/7.0/toolchain/avr8/avr8-gnu-toolchain/bin/../lib/gcc/avr/5.4.0/../../../../avr/lib/avr5\libc.a(fputc.o)
 .data          0x00000000        0x0 c:/program files (x86)/atmel/studio/7.0/toolchain/avr8/avr8-gnu-toolchain/bin/../lib/gcc/avr/5.4.0/../../../../avr/lib/avr5\libc.a(fputc.o)
 .bss           0x00000000        0x0 c:/program files (x86)/atmel/studio/7.0/toolchain/avr8/avr8-gnu-toolchain/bin/../lib/gcc/avr/5.4.0/../../../../avr/lib/avr5\libc.a(fputc.o)
 .text          0x00000000        0x0 c:/program files (x86)/atmel/studio/7.0/toolchain/avr8/avr8-gnu-toolchain/bin/../lib/gcc/avr/5.4.0/../../../../avr/lib/avr5\libc.a(ultoa_invert.o)
 .data          0x00000000        0x0 c:/program files (x86)/atmel/studio/7.0/toolchain/avr8/avr8-gnu-toolchain/bin/../lib/gcc/avr/5.4.0/../../../../avr/lib/avr5\libc.a(ultoa_invert.o)
 .bss           0x00000000        0x0 c:/program files (x86)/atmel/studio/7.0/toolchain/avr8/avr8-gnu-toolchain/bin/../lib/gcc/avr/5.4.0/../../../../avr/lib/avr5\libc.a(ultoa_invert.o)
 .text          0x00000000        0x0 c:/program files (x86)/atmel/studio/7.0/toolchain/avr8/avr8-gnu-toolchain/bin/../lib/gcc/avr/5.4.0/avr5\libgcc.a(_prologue.o)
 .data          0x00000000        0x0 c:/program files (x86)/atmel/studio/7.0/toolchain/avr8/avr8-gnu-toolchain/bin/../lib/gcc/avr/5.4.0/avr5\libgcc.a(_prologue.o)
 .bss           0x00000000        0x0 c:/program files (x86)/atmel/studio/7.0/toolchain/avr8/avr8-gnu-toolchain/bin/../lib/gcc/avr/5.4.0/avr5\libgcc.a(_prologue.o)
 .text.libgcc.mul
                0x00000000        0x0 c:/program files (x86)/atmel/studio/7.0/toolchain/avr8/avr8-gnu-toolchain/bin/../lib/gcc/avr/5.4.0/avr5\libgcc.a(_prologue.o)
 .text.libgcc.div
                0x00000000        0x0 c:/program files (x86)/atmel/studio/7.0/toolchain/avr8/avr8-gnu-toolchain/bin/../lib/gcc/avr/5.4.0/avr5\libgcc.a(_prologue.o)
 .text.libgcc   0x00000000        0x0 c:/program files (x86)/atmel/studio/7.0/toolchain/avr8/avr8-gnu-toolchain/bin/../lib/gcc/avr/5.4.0/avr5\libgcc.a(_prologue.o)
 .text.libgcc.builtins
                0x00000000        0x0 c:/program files (x86)/atmel/studio/7.0/toolchain/avr8/avr8-gnu-toolchain/bin/../lib/gcc/avr/5.4.0/avr5\libgcc.a(_prologue.o)
 .text.libgcc.fmul
                0x00000000        0x0 c:/program files (x86)/atmel/studio/7.0/toolchain/avr8/avr8-gnu-toolchain/bin/../lib/gcc/avr/5.4.0/avr5\libgcc.a(_prologue.o)
 .text.libgcc.fixed
                0x00000000        0x0 c:/program files (x86)/atmel/studio/7.0/toolchain/avr8/avr8-gnu-toolchain/bin/../lib/gcc/avr/5.4.0/avr5\libgcc.a(_prologue.o)
 .text          0x00000000        0x0 c:/program files (x86)/atmel/studio/7.0/toolchain/avr8/avr8-gnu-toolchain/bin/../lib/gcc/avr/5.4.0/avr5\libgcc.a(_epilogue.o)
 .data          0x00000000        0x0 c:/program files (x86)/atmel/studio/7.0/toolchain/avr8/avr8-gnu-toolchain/bin/../lib/gcc/avr/5.4.0/avr5\libgcc.a(_epilogue.o)
 .bss           0x00000000        0x0 c:/program files (x86)/atmel/studio/7.0/toolchain/avr8/avr8-gnu-toolchain/bin/../lib/gcc/avr/5.4.0/avr5\libgcc.a(_epilogue.o)
 .text.libgcc.mul
                0x00000000        0x0 c:/program files (x86)/atmel/studio/7.0/toolchain/avr8/avr8-gnu-toolchain/bin/../lib/gcc/avr/5.4.0/avr5\libgcc.a(_epilogue.o)
 .text.libgcc.div
                0x00000000        0x0 c:/program files (x86)/atmel/studio/7.0/toolchain/avr8/avr8-gnu-toolchain/bin/../lib/gcc/avr/5.4.0/avr5\libgcc.a(_epilogue.o)
 .text.libgcc   0x00000000        0x0 c:/program files (x86)/atmel/studio/7.0/toolchain/avr8/avr8-gnu-toolchain/bin/../lib/gcc/avr/5.4.0/avr5\libgcc.a(_epilogue.o)
 .text.libgcc.builtins
                0x00000000        0x0 c:/program files (x86)/atmel/studio/7.0/toolchain/avr8/avr8-gnu-toolchain/bin/../lib/gcc/avr/5.4.0/avr5\libgcc.a(_epilogue.o)
 .text.libgcc.fmul
                0x00000000        0x0 c:/program files (x86)/atmel/studio/7.0/toolchain/avr8/avr8-gnu-toolchain/bin/../lib/gcc/avr/5.4.0/avr5\libgcc.a(_epilogue.o)
 .text.libgcc.fixed
                0x00000000        0x0 c:/program files (x86)/atmel/studio/7.0/toolchain/avr8/avr8-gnu-toolchain/bin/../lib/gcc/avr/5.4.0/avr5\libgcc.a(_epilogue.o)

Memory Configuration

Name             Origin             Length             Attributes
text             0x00000000         0x00020000         xr
data             0x00800060         0x0000ffa0         rw !x
eeprom           0x00810000         0x00010000         rw !x
fuse             0x00820000         0x00000003         rw !x
lock             0x00830000         0x00000400         rw !x
signature        0x00840000         0x00000400         rw !x
user_signatures  0x00850000         0x00000400         rw !x
*default*        0x00000000         0xffffffff

Linker script and memory map

Address of section .data set to 0x800100
LOAD C:/Program Files (x86)/Atmel/Studio/7.0/Packs/atmel/ATmega_DFP/1.2.132/gcc/dev/atmega328p/avr5/crtatmega328p.o
LOAD buttonstate.o
LOAD finitestate.o
LOAD LCD.o
LOAD MagSwipe.o
LOAD MAX7221.o
LOAD Motordriver.o
LOAD sensors.o
LOAD SPI.o
LOAD TCA8418.o
LOAD TWI.o
LOAD main.o
START GROUP
LOAD c:/program files (x86)/atmel/studio/7.0/toolchain/avr8/avr8-gnu-toolchain/bin/../lib/gcc/avr/5.4.0/../../../../avr/lib/avr5\libm.a
END GROUP
START GROUP
LOAD c:/program files (x86)/atmel/studio/7.0/toolchain/avr8/avr8-gnu-toolchain/bin/../lib/gcc/avr/5.4.0/avr5\libgcc.a
LOAD c:/program files (x86)/atmel/studio/7.0/toolchain/avr8/avr8-gnu-toolchain/bin/../lib/gcc/avr/5.4.0/../../../../avr/lib/avr5\libm.a
LOAD c:/program files (x86)/atmel/studio/7.0/toolchain/avr8/avr8-gnu-toolchain/bin/../lib/gcc/avr/5.4.0/../../../../avr/lib/avr5\libc.a
LOAD C:/Program Files (x86)/Atmel/Studio/7.0/Packs/atmel/ATmega_DFP/1.2.132/gcc/dev/atmega328p/avr5\libatmega328p.a
END GROUP
                0x00020000                __TEXT_REGION_LENGTH__ = DEFINED (__TEXT_REGION_LENGTH__)?__TEXT_REGION_LENGTH__:0x20000
                0x0000ffa0                __DATA_REGION_LENGTH__ = DEFINED (__DATA_REGION_LENGTH__)?__DATA_REGION_LENGTH__:0xffa0
                0x00010000                __EEPROM_REGION_LENGTH__ = DEFINED (__EEPROM_REGION_LENGTH__)?__EEPROM_REGION_LENGTH__:0x10000
                [0x00000003]                __FUSE_REGION_LENGTH__ = DEFINED (__FUSE_REGION_LENGTH__)?__FUSE_REGION_LENGTH__:0x400
                0x00000400                __LOCK_REGION_LENGTH__ = DEFINED (__LOCK_REGION_LENGTH__)?__LOCK_REGION_LENGTH__:0x400
                0x00000400                __SIGNATURE_REGION_LENGTH__ = DEFINED (__SIGNATURE_REGION_LENGTH__)?__SIGNATURE_REGION_LENGTH__:0x400
                0x00000400                __USER_SIGNATURE_REGION_LENGTH__ = DEFINED (__USER_SIGNATURE_REGION_LENGTH__)?__USER_SIGNATURE_REGION_LENGTH__:0x400

.hash
 *(.hash)

.dynsym
 *(.dynsym)

.dynstr
 *(.dynstr)

.gnu.version
 *(.gnu.version)

.gnu.version_d
 *(.gnu.version_d)

.gnu.version_r
 *(.gnu.version_r)

.rel.init
 *(.rel.init)

.rela.init
 *(.rela.init)

.rel.text
 *(.rel.text)
 *(.rel.text.*)
 *(.rel.gnu.linkonce.t*)

.rela.text
 *(.rela.text)
 *(.rela.text.*)
 *(.rela.gnu.linkonce.t*)

.rel.fini
 *(.rel.fini)

.rela.fini
 *(.rela.fini)

.rel.rodata
 *(.rel.rodata)
 *(.rel.rodata.*)
 *(.rel.gnu.linkonce.r*)

.rela.rodata
 *(.rela.rodata)
 *(.rela.rodata.*)
 *(.rela.gnu.linkonce.r*)

.rel.data
 *(.rel.data)
 *(.rel.data.*)
 *(.rel.gnu.linkonce.d*)

.rela.data
 *(.rela.data)
 *(.rela.data.*)
 *(.rela.gnu.linkonce.d*)

.rel.ctors
 *(.rel.ctors)

.rela.ctors
 *(.rela.ctors)

.rel.dtors
 *(.rel.dtors)

.rela.dtors
 *(.rela.dtors)

.rel.got
 *(.rel.got)

.rela.got
 *(.rela.got)

.rel.bss
 *(.rel.bss)

.rela.bss
 *(.rela.bss)

.rel.plt
 *(.rel.plt)

.rela.plt
 *(.rela.plt)

.text           0x00000000     0x1edc
 *(.vectors)
 .vectors       0x00000000       0x68 C:/Program Files (x86)/Atmel/Studio/7.0/Packs/atmel/ATmega_DFP/1.2.132/gcc/dev/atmega328p/avr5/crtatmega328p.o
                0x00000000                __vector_default
                0x00000000                __vectors
 *(.vectors)
 *(.progmem.gcc*)
                0x00000068                . = ALIGN (0x2)
                0x00000068                __trampolines_start = .
 *(.trampolines)
 .trampolines   0x00000068        0x0 linker stubs
 *(.trampolines*)
                0x00000068                __trampolines_end = .
 *libprintf_flt.a:*(.progmem.data)
 *libc.a:*(.progmem.data)
 *(.progmem*)
 .progmem.data.verify
                0x00000068       0x52 MagSwipe.o
                0x00000068                verify
 .progmem.data.SEGLUT
                0x000000ba        0xd MAX7221.o
                0x000000ba                SEGLUT
 .progmem.data.Digitlut
                0x000000c7        0x8 MAX7221.o
                0x000000c7                Digitlut
                0x000000d0                . = ALIGN (0x2)
 *fill*         0x000000cf        0x1 
 *(.jumptables)
 *(.jumptables*)
 *(.lowtext)
 *(.lowtext*)
                0x000000d0                __ctors_start = .
 *(.ctors)
                0x000000d0                __ctors_end = .
                0x000000d0                __dtors_start = .
 *(.dtors)
                0x000000d0                __dtors_end = .
 SORT(*)(.ctors)
 SORT(*)(.dtors)
 *(.init0)
 .init0         0x000000d0        0x0 C:/Program Files (x86)/Atmel/Studio/7.0/Packs/atmel/ATmega_DFP/1.2.132/gcc/dev/atmega328p/avr5/crtatmega328p.o
                0x000000d0                __init
 *(.init0)
 *(.init1)
 *(.init1)
 *(.init2)
 .init2         0x000000d0        0xc C:/Program Files (x86)/Atmel/Studio/7.0/Packs/atmel/ATmega_DFP/1.2.132/gcc/dev/atmega328p/avr5/crtatmega328p.o
 *(.init2)
 *(.init3)
 *(.init3)
 *(.init4)
 .init4         0x000000dc       0x16 c:/program files (x86)/atmel/studio/7.0/toolchain/avr8/avr8-gnu-toolchain/bin/../lib/gcc/avr/5.4.0/avr5\libgcc.a(_copy_data.o)
                0x000000dc                __do_copy_data
 .init4         0x000000f2       0x10 c:/program files (x86)/atmel/studio/7.0/toolchain/avr8/avr8-gnu-toolchain/bin/../lib/gcc/avr/5.4.0/avr5\libgcc.a(_clear_bss.o)
                0x000000f2                __do_clear_bss
 *(.init4)
 *(.init5)
 *(.init5)
 *(.init6)
 *(.init6)
 *(.init7)
 *(.init7)
 *(.init8)
 *(.init8)
 *(.init9)
 .init9         0x00000102        0x8 C:/Program Files (x86)/Atmel/Studio/7.0/Packs/atmel/ATmega_DFP/1.2.132/gcc/dev/atmega328p/avr5/crtatmega328p.o
 *(.init9)
 *(.text)
 .text          0x0000010a        0x4 C:/Program Files (x86)/Atmel/Studio/7.0/Packs/atmel/ATmega_DFP/1.2.132/gcc/dev/atmega328p/avr5/crtatmega328p.o
                0x0000010a                __vector_22
                0x0000010a                __vector_24
                0x0000010a                __vector_12
                0x0000010a                __bad_interrupt
                0x0000010a                __vector_6
                0x0000010a                __vector_23
                0x0000010a                __vector_25
                0x0000010a                __vector_17
                0x0000010a                __vector_19
                0x0000010a                __vector_4
                0x0000010a                __vector_15
                0x0000010a                __vector_8
                0x0000010a                __vector_10
                0x0000010a                __vector_16
                0x0000010a                __vector_18
                0x0000010a                __vector_20
                0x0000010e                . = ALIGN (0x2)
 *(.text.*)
 .text.checkIfUp
                0x0000010e      0x116 buttonstate.o
                0x0000010e                checkIfUp
 .text.checkIfDown
                0x00000224      0x110 buttonstate.o
                0x00000224                checkIfDown
 .text.getNextFloor
                0x00000334       0x58 buttonstate.o
                0x00000334                getNextFloor
 .text.clearButtons
                0x0000038c       0xf6 buttonstate.o
                0x0000038c                clearButtons
 .text.statetransition
                0x00000482        0x6 finitestate.o
                0x00000482                statetransition
 .text.LCD_SEND
                0x00000488       0x2a LCD.o
                0x00000488                LCD_SEND
 .text.pulse    0x000004b2       0x20 LCD.o
                0x000004b2                pulse
 .text.bitdata  0x000004d2       0x12 LCD.o
                0x000004d2                bitdata
 .text.write    0x000004e4       0x3a LCD.o
                0x000004e4                write
 .text.initializelcd
                0x0000051e       0x68 LCD.o
                0x0000051e                initializelcd
 .text.lcd_position
                0x00000586       0x42 LCD.o
                0x00000586                lcd_position
 .text.lcd_print
                0x000005c8       0x28 LCD.o
                0x000005c8                lcd_print
 .text.lcd_arrow
                0x000005f0      0x14c LCD.o
                0x000005f0                lcd_arrow
 .text.lcdarrow_clear
                0x0000073c       0x22 LCD.o
                0x0000073c                lcdarrow_clear
 .text.Magcardinit
                0x0000075e       0x2a MagSwipe.o
                0x0000075e                Magcardinit
 .text.Magcardstop
                0x00000788        0xe MagSwipe.o
                0x00000788                Magcardstop
 .text.readdata
                0x00000796      0x19a MagSwipe.o
                0x00000796                readdata
 .text.__vector_1
                0x00000930       0x52 MagSwipe.o
                0x00000930                __vector_1
 .text.MAX7221_SEND
                0x00000982       0x28 MAX7221.o
                0x00000982                MAX7221_SEND
 .text.MAX7221_SetDigit
                0x000009aa       0x10 MAX7221.o
                0x000009aa                MAX7221_SetDigit
 .text.MAX7221_INIT
                0x000009ba       0x40 MAX7221.o
                0x000009ba                MAX7221_INIT
 .text.updatemax7221dir
                0x000009fa       0x44 MAX7221.o
                0x000009fa                updatemax7221dir
 .text.max7221_cleardir
                0x00000a3e       0x12 MAX7221.o
                0x00000a3e                max7221_cleardir
 .text.motorsetup
                0x00000a50        0xa Motordriver.o
                0x00000a50                motorsetup
 .text.timer2_init
                0x00000a5a       0x28 Motordriver.o
                0x00000a5a                timer2_init
 .text.__vector_7
                0x00000a82       0x8e Motordriver.o
                0x00000a82                __vector_7
 .text.__vector_9
                0x00000b10       0x66 Motordriver.o
                0x00000b10                __vector_9
 .text.timer1_init
                0x00000b76       0x60 Motordriver.o
                0x00000b76                timer1_init
 .text.motorstart
                0x00000bd6       0x10 Motordriver.o
                0x00000bd6                motorstart
 .text.timer1_stop
                0x00000be6       0x1a Motordriver.o
                0x00000be6                timer1_stop
 .text.motorstop
                0x00000c00       0x22 Motordriver.o
                0x00000c00                motorstop
 .text.motorhandler
                0x00000c22       0xd6 Motordriver.o
                0x00000c22                motorhandler
 .text.__vector_13
                0x00000cf8       0xda Motordriver.o
                0x00000cf8                __vector_13
 .text.__vector_11
                0x00000dd2       0x22 Motordriver.o
                0x00000dd2                __vector_11
 .text.__vector_5
                0x00000df4      0x122 Motordriver.o
                0x00000df4                __vector_5
 .text.ADC_stop
                0x00000f16        0x6 sensors.o
                0x00000f16                ADC_stop
 .text.timer0_init
                0x00000f1c       0x1a sensors.o
                0x00000f1c                timer0_init
 .text.ADC_init
                0x00000f36       0x22 sensors.o
                0x00000f36                ADC_init
 .text.readadc  0x00000f58       0x44 sensors.o
                0x00000f58                readadc
 .text.__vector_21
                0x00000f9c       0x60 sensors.o
                0x00000f9c                __vector_21
 .text.__vector_14
                0x00000ffc       0x2a sensors.o
                0x00000ffc                __vector_14
 .text.updatemax7221floor
                0x00001026       0x84 sensors.o
                0x00001026                updatemax7221floor
 .text.SPI_Init
                0x000010aa       0x36 SPI.o
                0x000010aa                SPI_Init
 .text.SPI_Send
                0x000010e0        0xa SPI.o
                0x000010e0                SPI_Send
 .text.SPI_ChipSelect
                0x000010ea        0xc SPI.o
                0x000010ea                SPI_ChipSelect
 .text.PCF8574_SINGLEREAD
                0x000010f6       0x38 TCA8418.o
                0x000010f6                PCF8574_SINGLEREAD
 .text.PCF8574_SINGLEWRITE
                0x0000112e       0x2a TCA8418.o
                0x0000112e                PCF8574_SINGLEWRITE
 .text.buttonled
                0x00001158       0x16 TCA8418.o
                0x00001158                buttonled
 .text.readButtons
                0x0000116e      0x306 TCA8418.o
                0x0000116e                readButtons
 .text.__vector_3
                0x00001474       0x4a TCA8418.o
                0x00001474                __vector_3
 .text.TWI_INIT
                0x000014be       0x20 TWI.o
                0x000014be                TWI_INIT
 .text.TWI_START
                0x000014de       0x18 TWI.o
                0x000014de                TWI_START
 .text.TWI_STOP
                0x000014f6        0x8 TWI.o
                0x000014f6                TWI_STOP
 .text.TWI_SEND
                0x000014fe       0x1c TWI.o
                0x000014fe                TWI_SEND
 .text.TWI_READ
                0x0000151a       0x16 TWI.o
                0x0000151a                TWI_READ
 .text.floortransition
                0x00001530       0xba main.o
                0x00001530                floortransition
 .text.initalizeglobalvar
                0x000015ea       0x5e main.o
                0x000015ea                initalizeglobalvar
 .text.datarequest
                0x00001648       0x32 main.o
                0x00001648                datarequest
 .text.solenoid_start
                0x0000167a        0x6 main.o
                0x0000167a                solenoid_start
 .text.solenoid_stop
                0x00001680        0x4 main.o
                0x00001680                solenoid_stop
 .text.keypadset
                0x00001684       0x22 main.o
                0x00001684                keypadset
 .text.pirsetup
                0x000016a6       0x16 main.o
                0x000016a6                pirsetup
 .text.pirclear
                0x000016bc        0xe main.o
                0x000016bc                pirclear
 .text.__vector_2
                0x000016ca       0x4c main.o
                0x000016ca                __vector_2
 .text.buttondelay
                0x00001716       0x1a main.o
                0x00001716                buttondelay
 .text.main     0x00001730      0x1d4 main.o
                0x00001730                main
 .text.avr-libc
                0x00001904       0x44 c:/program files (x86)/atmel/studio/7.0/toolchain/avr8/avr8-gnu-toolchain/bin/../lib/gcc/avr/5.4.0/../../../../avr/lib/avr5\libc.a(sprintf.o)
                0x00001904                sprintf
 .text.avr-libc
                0x00001948      0x3c2 c:/program files (x86)/atmel/studio/7.0/toolchain/avr8/avr8-gnu-toolchain/bin/../lib/gcc/avr/5.4.0/../../../../avr/lib/avr5\libc.a(vfprintf_std.o)
                0x00001948                vfprintf
 .text.avr-libc
                0x00001d0a       0x16 c:/program files (x86)/atmel/studio/7.0/toolchain/avr8/avr8-gnu-toolchain/bin/../lib/gcc/avr/5.4.0/../../../../avr/lib/avr5\libc.a(strnlen_P.o)
                0x00001d0a                strnlen_P
 .text.avr-libc
                0x00001d20       0x16 c:/program files (x86)/atmel/studio/7.0/toolchain/avr8/avr8-gnu-toolchain/bin/../lib/gcc/avr/5.4.0/../../../../avr/lib/avr5\libc.a(strnlen.o)
                0x00001d20                strnlen
 .text.avr-libc
                0x00001d36       0x78 c:/program files (x86)/atmel/studio/7.0/toolchain/avr8/avr8-gnu-toolchain/bin/../lib/gcc/avr/5.4.0/../../../../avr/lib/avr5\libc.a(fputc.o)
                0x00001d36                fputc
 .text.avr-libc
                0x00001dae       0xbc c:/program files (x86)/atmel/studio/7.0/toolchain/avr8/avr8-gnu-toolchain/bin/../lib/gcc/avr/5.4.0/../../../../avr/lib/avr5\libc.a(ultoa_invert.o)
                0x00001dae                __ultoa_invert
 .text.libgcc.prologue
                0x00001e6a       0x38 c:/program files (x86)/atmel/studio/7.0/toolchain/avr8/avr8-gnu-toolchain/bin/../lib/gcc/avr/5.4.0/avr5\libgcc.a(_prologue.o)
                0x00001e6a                __prologue_saves__
 .text.libgcc.prologue
                0x00001ea2       0x36 c:/program files (x86)/atmel/studio/7.0/toolchain/avr8/avr8-gnu-toolchain/bin/../lib/gcc/avr/5.4.0/avr5\libgcc.a(_epilogue.o)
                0x00001ea2                __epilogue_restores__
                0x00001ed8                . = ALIGN (0x2)
 *(.fini9)
 .fini9         0x00001ed8        0x0 c:/program files (x86)/atmel/studio/7.0/toolchain/avr8/avr8-gnu-toolchain/bin/../lib/gcc/avr/5.4.0/avr5\libgcc.a(_exit.o)
                0x00001ed8                _exit
                0x00001ed8                exit
 *(.fini9)
 *(.fini8)
 *(.fini8)
 *(.fini7)
 *(.fini7)
 *(.fini6)
 *(.fini6)
 *(.fini5)
 *(.fini5)
 *(.fini4)
 *(.fini4)
 *(.fini3)
 *(.fini3)
 *(.fini2)
 *(.fini2)
 *(.fini1)
 *(.fini1)
 *(.fini0)
 .fini0         0x00001ed8        0x4 c:/program files (x86)/atmel/studio/7.0/toolchain/avr8/avr8-gnu-toolchain/bin/../lib/gcc/avr/5.4.0/avr5\libgcc.a(_exit.o)
 *(.fini0)
                0x00001edc                _etext = .

.data           0x00800100       0x7c load address 0x00001edc
                0x00800100                PROVIDE (__data_start, .)
 *(.data)
 *(.data*)
 *(.rodata)
 .rodata        0x00800100       0x18 LCD.o
 *(.rodata*)
 .rodata.str1.1
                0x00800118        0x2 LCD.o
 .rodata.str1.1
                0x0080011a       0x22 MagSwipe.o
 .rodata.str1.1
                0x0080013c       0x11 sensors.o
 .rodata.str1.1
                0x0080014d       0x2e main.o
 *(.gnu.linkonce.d*)
                0x0080017c                . = ALIGN (0x2)
 *fill*         0x0080017b        0x1 
                0x0080017c                _edata = .
                0x0080017c                PROVIDE (__data_end, .)

.bss            0x0080017c       0x23
                0x0080017c                PROVIDE (__bss_start, .)
 *(.bss)
 *(.bss*)
 *(COMMON)
 COMMON         0x0080017c        0xc buttonstate.o
                0x0080017c                buttonState
                0x0080017e                j
                0x0080017f                datavalid
                0x00800180                floorNum
                0x00800181                nextFloor
                0x00800182                i
                0x00800183                datainvalid
                0x00800184                nextDir
                0x00800185                cardflag
                0x00800186                upDown
                0x00800187                dataflag
 COMMON         0x00800188        0x1 finitestate.o
                0x00800188                curr_state
 COMMON         0x00800189        0xd MagSwipe.o
                0x00800189                stopcondition
                0x0080018a                number
                0x0080018b                motorcounter
                0x0080018c                runtime
                0x0080018d                timercounter
                0x0080018e                currentfloor
                0x0080018f                counter
                0x00800191                pressed
                0x00800192                dir
                0x00800193                motorflag
                0x00800194                floorrequest
                0x00800195                magswipetimeout
 COMMON         0x00800196        0x9 Motordriver.o
                0x00800196                distance
                0x00800198                adccount
                0x00800199                testvariable
                0x0080019a                overload
                0x0080019c                selector
                0x0080019d                motion
                0x0080019f                PROVIDE (__bss_end, .)
                0x00001edc                __data_load_start = LOADADDR (.data)
                0x00001f58                __data_load_end = (__data_load_start + SIZEOF (.data))

.noinit         0x0080019f        0x0
                [!provide]                PROVIDE (__noinit_start, .)
 *(.noinit*)
                [!provide]                PROVIDE (__noinit_end, .)
                0x0080019f                _end = .
                [!provide]                PROVIDE (__heap_start, .)

.eeprom         0x00810000        0x0
 *(.eeprom*)
                0x00810000                __eeprom_end = .

.fuse
 *(.fuse)
 *(.lfuse)
 *(.hfuse)
 *(.efuse)

.lock
 *(.lock*)

.signature
 *(.signature*)

.user_signatures
 *(.user_signatures*)

.stab
 *(.stab)

.stabstr
 *(.stabstr)

.stab.excl
 *(.stab.excl)

.stab.exclstr
 *(.stab.exclstr)

.stab.index
 *(.stab.index)

.stab.indexstr
 *(.stab.indexstr)

.comment        0x00000000       0x5c
 *(.comment)
 .comment       0x00000000       0x30 buttonstate.o
                                 0x31 (size before relaxing)
 .comment       0x00000030       0x31 finitestate.o
 .comment       0x00000030       0x31 LCD.o
 .comment       0x00000030       0x31 MagSwipe.o
 .comment       0x00000030       0x31 MAX7221.o
 .comment       0x00000030       0x31 Motordriver.o
 .comment       0x00000030       0x31 sensors.o
 .comment       0x00000030       0x31 SPI.o
 .comment       0x00000030       0x31 TCA8418.o
 .comment       0x00000030       0x31 TWI.o
 .comment       0x00000030       0x31 main.o
 .comment       0x00000030       0x31 c:/program files (x86)/atmel/studio/7.0/toolchain/avr8/avr8-gnu-toolchain/bin/../lib/gcc/avr/5.4.0/../../../../avr/lib/avr5\libc.a(sprintf.o)
 .comment       0x00000030       0x2c c:/program files (x86)/atmel/studio/7.0/toolchain/avr8/avr8-gnu-toolchain/bin/../lib/gcc/avr/5.4.0/../../../../avr/lib/avr5\libc.a(vfprintf_std.o)
                                 0x2d (size before relaxing)
 .comment       0x0000005c       0x31 c:/program files (x86)/atmel/studio/7.0/toolchain/avr8/avr8-gnu-toolchain/bin/../lib/gcc/avr/5.4.0/../../../../avr/lib/avr5\libc.a(fputc.o)

.note.gnu.avr.deviceinfo
                0x00000000       0x40
 .note.gnu.avr.deviceinfo
                0x00000000       0x40 C:/Program Files (x86)/Atmel/Studio/7.0/Packs/atmel/ATmega_DFP/1.2.132/gcc/dev/atmega328p/avr5/crtatmega328p.o

.note.gnu.build-id
 *(.note.gnu.build-id)

.debug
 *(.debug)

.line
 *(.line)

.debug_srcinfo
 *(.debug_srcinfo)

.debug_sfnames
 *(.debug_sfnames)

.debug_aranges  0x00000000      0x350
 *(.debug_aranges)
 .debug_aranges
                0x00000000       0x38 buttonstate.o
 .debug_aranges
                0x00000038       0x20 finitestate.o
 .debug_aranges
                0x00000058       0x60 LCD.o
 .debug_aranges
                0x000000b8       0x38 MagSwipe.o
 .debug_aranges
                0x000000f0       0x50 MAX7221.o
 .debug_aranges
                0x00000140       0x88 Motordriver.o
 .debug_aranges
                0x000001c8       0x58 sensors.o
 .debug_aranges
                0x00000220       0x38 SPI.o
 .debug_aranges
                0x00000258       0x40 TCA8418.o
 .debug_aranges
                0x00000298       0x40 TWI.o
 .debug_aranges
                0x000002d8       0x78 main.o

.debug_pubnames
 *(.debug_pubnames)

.debug_info     0x00000000     0x3c24
 *(.debug_info .gnu.linkonce.wi.*)
 .debug_info    0x00000000      0x5f4 C:/Program Files (x86)/Atmel/Studio/7.0/Packs/atmel/ATmega_DFP/1.2.132/gcc/dev/atmega328p/avr5/crtatmega328p.o
 .debug_info    0x000005f4      0x239 buttonstate.o
 .debug_info    0x0000082d       0xaa finitestate.o
 .debug_info    0x000008d7      0x8e6 LCD.o
 .debug_info    0x000011bd      0x5b3 MagSwipe.o
 .debug_info    0x00001770      0x615 MAX7221.o
 .debug_info    0x00001d85      0x722 Motordriver.o
 .debug_info    0x000024a7      0x3e2 sensors.o
 .debug_info    0x00002889      0x12c SPI.o
 .debug_info    0x000029b5      0x6ac TCA8418.o
 .debug_info    0x00003061      0x154 TWI.o
 .debug_info    0x000031b5      0xa6f main.o

.debug_abbrev   0x00000000     0x13d5
 *(.debug_abbrev)
 .debug_abbrev  0x00000000      0x5a2 C:/Program Files (x86)/Atmel/Studio/7.0/Packs/atmel/ATmega_DFP/1.2.132/gcc/dev/atmega328p/avr5/crtatmega328p.o
 .debug_abbrev  0x000005a2       0xd8 buttonstate.o
 .debug_abbrev  0x0000067a       0x89 finitestate.o
 .debug_abbrev  0x00000703      0x185 LCD.o
 .debug_abbrev  0x00000888      0x16c MagSwipe.o
 .debug_abbrev  0x000009f4      0x1a7 MAX7221.o
 .debug_abbrev  0x00000b9b      0x1f1 Motordriver.o
 .debug_abbrev  0x00000d8c      0x1b1 sensors.o
 .debug_abbrev  0x00000f3d       0xc1 SPI.o
 .debug_abbrev  0x00000ffe      0x187 TCA8418.o
 .debug_abbrev  0x00001185       0xd3 TWI.o
 .debug_abbrev  0x00001258      0x17d main.o

.debug_line     0x00000000     0x2054
 *(.debug_line .debug_line.* .debug_line_end)
 .debug_line    0x00000000      0x133 C:/Program Files (x86)/Atmel/Studio/7.0/Packs/atmel/ATmega_DFP/1.2.132/gcc/dev/atmega328p/avr5/crtatmega328p.o
 .debug_line    0x00000133      0x3c1 buttonstate.o
 .debug_line    0x000004f4       0x57 finitestate.o
 .debug_line    0x0000054b      0x38c LCD.o
 .debug_line    0x000008d7      0x268 MagSwipe.o
 .debug_line    0x00000b3f      0x1f1 MAX7221.o
 .debug_line    0x00000d30      0x596 Motordriver.o
 .debug_line    0x000012c6      0x22c sensors.o
 .debug_line    0x000014f2      0x12a SPI.o
 .debug_line    0x0000161c      0x39e TCA8418.o
 .debug_line    0x000019ba      0x16c TWI.o
 .debug_line    0x00001b26      0x52e main.o

.debug_frame    0x00000000      0x888
 *(.debug_frame)
 .debug_frame   0x00000000       0x54 buttonstate.o
 .debug_frame   0x00000054       0x24 finitestate.o
 .debug_frame   0x00000078      0x108 LCD.o
 .debug_frame   0x00000180       0x9c MagSwipe.o
 .debug_frame   0x0000021c       0xb8 MAX7221.o
 .debug_frame   0x000002d4      0x204 Motordriver.o
 .debug_frame   0x000004d8      0x108 sensors.o
 .debug_frame   0x000005e0       0x54 SPI.o
 .debug_frame   0x00000634       0xd4 TCA8418.o
 .debug_frame   0x00000708       0x64 TWI.o
 .debug_frame   0x0000076c      0x11c main.o

.debug_str      0x00000000      0xa4f
 *(.debug_str)
 .debug_str     0x00000000      0x208 C:/Program Files (x86)/Atmel/Studio/7.0/Packs/atmel/ATmega_DFP/1.2.132/gcc/dev/atmega328p/avr5/crtatmega328p.o
 .debug_str     0x00000208      0x1d0 buttonstate.o
                                0x20b (size before relaxing)
 .debug_str     0x000003d8       0x85 finitestate.o
                                0x144 (size before relaxing)
 .debug_str     0x0000045d      0x145 LCD.o
                                0x292 (size before relaxing)
 .debug_str     0x000005a2      0x131 MagSwipe.o
                                0x329 (size before relaxing)
 .debug_str     0x000006d3       0xd3 MAX7221.o
                                0x283 (size before relaxing)
 .debug_str     0x000007a6      0x11c Motordriver.o
                                0x437 (size before relaxing)
 .debug_str     0x000008c2       0x5d sensors.o
                                0x2cd (size before relaxing)
 .debug_str     0x0000091f       0x27 SPI.o
                                0x18b (size before relaxing)
 .debug_str     0x00000946       0x86 TCA8418.o
                                0x2f9 (size before relaxing)
 .debug_str     0x000009cc       0x10 TWI.o
                                0x186 (size before relaxing)
 .debug_str     0x000009dc       0x73 main.o
                                0x458 (size before relaxing)

.debug_loc      0x00000000     0x1a26
 *(.debug_loc)
 .debug_loc     0x00000000      0x20a buttonstate.o
 .debug_loc     0x0000020a      0x669 LCD.o
 .debug_loc     0x00000873      0x13e MagSwipe.o
 .debug_loc     0x000009b1      0x4f3 MAX7221.o
 .debug_loc     0x00000ea4      0x47e Motordriver.o
 .debug_loc     0x00001322      0x21b sensors.o
 .debug_loc     0x0000153d       0x63 SPI.o
 .debug_loc     0x000015a0      0x32b TCA8418.o
 .debug_loc     0x000018cb       0x90 TWI.o
 .debug_loc     0x0000195b       0xcb main.o

.debug_macinfo
 *(.debug_macinfo)

.debug_weaknames
 *(.debug_weaknames)

.debug_funcnames
 *(.debug_funcnames)

.debug_typenames
 *(.debug_typenames)

.debug_varnames
 *(.debug_varnames)

.debug_pubtypes
 *(.debug_pubtypes)

.debug_ranges   0x00000000      0x2a0
 *(.debug_ranges)
 .debug_ranges  0x00000000       0x28 buttonstate.o
 .debug_ranges  0x00000028       0x10 finitestate.o
 .debug_ranges  0x00000038       0x50 LCD.o
 .debug_ranges  0x00000088       0x28 MagSwipe.o
 .debug_ranges  0x000000b0       0x40 MAX7221.o
 .debug_ranges  0x000000f0       0x78 Motordriver.o
 .debug_ranges  0x00000168       0x48 sensors.o
 .debug_ranges  0x000001b0       0x28 SPI.o
 .debug_ranges  0x000001d8       0x30 TCA8418.o
 .debug_ranges  0x00000208       0x30 TWI.o
 .debug_ranges  0x00000238       0x68 main.o

.debug_macro
 *(.debug_macro)
OUTPUT(GccApplication7.elf elf32-avr)
LOAD linker stubs
